20:28:56 **** Incremental Build of configuration Debug for project ENE331_2484_2501_2504 ****
make -j12 all 
arm-none-eabi-gcc "../Core/Src/main.c" -mcpu=cortex-m4 -std=gnu11 -g3 -DDEBUG -DUSE_HAL_DRIVER -DSTM32F411xE -c -I../Core/Inc -I../Drivers/STM32F4xx_HAL_Driver/Inc -I../Drivers/STM32F4xx_HAL_Driver/Inc/Legacy -I../Drivers/CMSIS/Device/ST/STM32F4xx/Include -I../Drivers/CMSIS/Include -O0 -ffunction-sections -fdata-sections -Wall -fstack-usage -fcyclomatic-complexity -MMD -MP -MF"Core/Src/main.d" -MT"Core/Src/main.o" --specs=nano.specs -mfpu=fpv4-sp-d16 -mfloat-abi=hard -mthumb -o "Core/Src/main.o"
arm-none-eabi-gcc -o "ENE331_2484_2501_2504.elf" @"objects.list"   -mcpu=cortex-m4 -T"D:\GitHub\ENE331_Project\ENE331_2484_2501_2504\STM32F411CEUX_FLASH.ld" --specs=nosys.specs -Wl,-Map="ENE331_2484_2501_2504.map" -Wl,--gc-sections -static --specs=nano.specs -mfpu=fpv4-sp-d16 -mfloat-abi=hard -mthumb -Wl,--start-group -lc -lm -Wl,--end-group
Finished building target: ENE331_2484_2501_2504.elf
 
arm-none-eabi-size  ENE331_2484_2501_2504.elf 
arm-none-eabi-objdump -h -S ENE331_2484_2501_2504.elf  > "ENE331_2484_2501_2504.list"
   text	   data	    bss	    dec	    hex	filename
   8952	     24	   1656	  10632	   2988	ENE331_2484_2501_2504.elf
Finished building: default.size.stdout
 
Finished building: ENE331_2484_2501_2504.list
 

20:28:57 Build Finished. 0 errors, 0 warnings. (took 1s.37ms)

